{
  "matchID": 72214,
  "group": {
    "groupOrderID": 1,
    "groupName": "1. Spieltag"
  },
  "MatchNr": 0,
  "leagueShortcut": "bl1",
  "matchDateTime": "2024-08-23T20:30:00",
  "matchDateTimeUTC": "2024-08-23T18:30:00Z",
  "matchIsFinished": false,
  "team1": {
    "teamId": 87,
    "teamName": "Borussia Mönchengladbach",
    "shortName": "Gladbach",
    "teamIconUrl": "https://i.imgur.com/KSIk0Eu.png"
  },
  "team2": {
    "teamId": 6,
    "teamName": "Bayer Leverkusen",
    "shortName": "Leverkusen",
    "teamIconUrl": "https://upload.wikimedia.org/wikipedia/de/thumb/f/f7/Bayer_Leverkusen_Logo.svg/1200px-Bayer_Leverkusen_Logo.svg.png"
  },
  "matchResults": [],
  "HomeTeamScore": 0,
  "AwayTeamScore": 0,
  "HasVerlaengerung": false,
  "ResultType": null,
  "HasStarted": false
}
