[
  {
    "matchID": 72233,
    "group": {
      "groupOrderID": 3,
      "groupName": "3. Spieltag"
    },
    "MatchNr": 0,
    "leagueShortcut": "bl1",
    "matchDateTime": "2024-09-13T20:30:00",
    "matchDateTimeUTC": "2024-09-13T18:30:00Z",
    "matchIsFinished": false,
    "team1": {
      "teamId": 7,
      "teamName": "Borussia Dortmund",
      "shortName": "BVB",
      "teamIconUrl": "https://upload.wikimedia.org/wikipedia/commons/thumb/6/67/Borussia_Dortmund_logo.svg/560px-Borussia_Dortmund_logo.svg.png"
    },
    "team2": {
      "teamId": 199,
      "teamName": "1. FC Heidenheim 1846",
      "shortName": "Heidenheim",
      "teamIconUrl": "https://upload.wikimedia.org/wikipedia/commons/thumb/9/9d/1._FC_Heidenheim_1846.svg/830px-1._FC_Heidenheim_1846.svg.png"
    },
    "matchResults": [],
    "HomeTeamScore": 0,
    "AwayTeamScore": 0,
    "HasVerlaengerung": false,
    "ResultType": null,
    "HasStarted": false
  },
  {
    "matchID": 72232,
    "group": {
      "groupOrderID": 3,
      "groupName": "3. Spieltag"
    },
    "MatchNr": 0,
    "leagueShortcut": "bl1",
    "matchDateTime": "2024-09-14T15:30:00",
    "matchDateTimeUTC": "2024-09-14T13:30:00Z",
    "matchIsFinished": false,
    "team1": {
      "teamId": 1635,
      "teamName": "RB Leipzig",
      "shortName": "Leipzig",
      "teamIconUrl": "https://i.imgur.com/Rpwsjz1.png"
    },
    "team2": {
      "teamId": 80,
      "teamName": "1. FC Union Berlin",
      "shortName": "Union Berlin",
      "teamIconUrl": "https://assets.dfb.de/uploads/000/018/232/small_union-Berlin.jpg"
    },
    "matchResults": [],
    "HomeTeamScore": 0,
    "AwayTeamScore": 0,
    "HasVerlaengerung": false,
    "ResultType": null,
    "HasStarted": false
  },
  {
    "matchID": 72234,
    "group": {
      "groupOrderID": 3,
      "groupName": "3. Spieltag"
    },
    "MatchNr": 0,
    "leagueShortcut": "bl1",
    "matchDateTime": "2024-09-14T15:30:00",
    "matchDateTimeUTC": "2024-09-14T13:30:00Z",
    "matchIsFinished": false,
    "team1": {
      "teamId": 175,
      "teamName": "TSG 1899 Hoffenheim",
      "shortName": "Hoffenheim",
      "teamIconUrl": "https://i.imgur.com/gF0PfEl.png"
    },
    "team2": {
      "teamId": 6,
      "teamName": "Bayer Leverkusen",
      "shortName": "Leverkusen",
      "teamIconUrl": "https://upload.wikimedia.org/wikipedia/de/thumb/f/f7/Bayer_Leverkusen_Logo.svg/1200px-Bayer_Leverkusen_Logo.svg.png"
    },
    "matchResults": [],
    "HomeTeamScore": 0,
    "AwayTeamScore": 0,
    "HasVerlaengerung": false,
    "ResultType": null,
    "HasStarted": false
  },
  {
    "matchID": 72235,
    "group": {
      "groupOrderID": 3,
      "groupName": "3. Spieltag"
    },
    "MatchNr": 0,
    "leagueShortcut": "bl1",
    "matchDateTime": "2024-09-14T15:30:00",
    "matchDateTimeUTC": "2024-09-14T13:30:00Z",
    "matchIsFinished": false,
    "team1": {
      "teamId": 112,
      "teamName": "SC Freiburg",
      "shortName": "Freiburg",
      "teamIconUrl": "https://i.imgur.com/r3mvi0h.png"
    },
    "team2": {
      "teamId": 129,
      "teamName": "VfL Bochum",
      "shortName": "Bochum",
      "teamIconUrl": "https://i.imgur.com/5jy3Gfr.png"
    },
    "matchResults": [],
    "HomeTeamScore": 0,
    "AwayTeamScore": 0,
    "HasVerlaengerung": false,
    "ResultType": null,
    "HasStarted": false
  },
  {
    "matchID": 72237,
    "group": {
      "groupOrderID": 3,
      "groupName": "3. Spieltag"
    },
    "MatchNr": 0,
    "leagueShortcut": "bl1",
    "matchDateTime": "2024-09-14T15:30:00",
    "matchDateTimeUTC": "2024-09-14T13:30:00Z",
    "matchIsFinished": false,
    "team1": {
      "teamId": 131,
      "teamName": "VfL Wolfsburg",
      "shortName": "Wolfsburg",
      "teamIconUrl": "https://i.imgur.com/ucqKV4B.png"
    },
    "team2": {
      "teamId": 91,
      "teamName": "Eintracht Frankfurt",
      "shortName": "Frankfurt",
      "teamIconUrl": "https://i.imgur.com/X8NFkOb.png"
    },
    "matchResults": [],
    "HomeTeamScore": 0,
    "AwayTeamScore": 0,
    "HasVerlaengerung": false,
    "ResultType": null,
    "HasStarted": false
  },
  {
    "matchID": 72239,
    "group": {
      "groupOrderID": 3,
      "groupName": "3. Spieltag"
    },
    "MatchNr": 0,
    "leagueShortcut": "bl1",
    "matchDateTime": "2024-09-14T15:30:00",
    "matchDateTimeUTC": "2024-09-14T13:30:00Z",
    "matchIsFinished": false,
    "team1": {
      "teamId": 87,
      "teamName": "Borussia Mönchengladbach",
      "shortName": "Gladbach",
      "teamIconUrl": "https://i.imgur.com/KSIk0Eu.png"
    },
    "team2": {
      "teamId": 16,
      "teamName": "VfB Stuttgart",
      "shortName": "Stuttgart",
      "teamIconUrl": "https://i.imgur.com/v0tkpNx.png"
    },
    "matchResults": [],
    "HomeTeamScore": 0,
    "AwayTeamScore": 0,
    "HasVerlaengerung": false,
    "ResultType": null,
    "HasStarted": false
  },
  {
    "matchID": 72240,
    "group": {
      "groupOrderID": 3,
      "groupName": "3. Spieltag"
    },
    "MatchNr": 0,
    "leagueShortcut": "bl1",
    "matchDateTime": "2024-09-14T18:30:00",
    "matchDateTimeUTC": "2024-09-14T16:30:00Z",
    "matchIsFinished": false,
    "team1": {
      "teamId": 104,
      "teamName": "Holstein Kiel",
      "shortName": "Kiel",
      "teamIconUrl": "https://upload.wikimedia.org/wikipedia/commons/thumb/3/30/Holstein_Kiel_Logo.svg/300px-Holstein_Kiel_Logo.svg.png"
    },
    "team2": {
      "teamId": 40,
      "teamName": "FC Bayern München",
      "shortName": "Bayern",
      "teamIconUrl": "https://i.imgur.com/jJEsJrj.png"
    },
    "matchResults": [],
    "HomeTeamScore": 0,
    "AwayTeamScore": 0,
    "HasVerlaengerung": false,
    "ResultType": null,
    "HasStarted": false
  },
  {
    "matchID": 72236,
    "group": {
      "groupOrderID": 3,
      "groupName": "3. Spieltag"
    },
    "MatchNr": 0,
    "leagueShortcut": "bl1",
    "matchDateTime": "2024-09-15T15:30:00",
    "matchDateTimeUTC": "2024-09-15T13:30:00Z",
    "matchIsFinished": false,
    "team1": {
      "teamId": 95,
      "teamName": "FC Augsburg",
      "shortName": "Augsburg",
      "teamIconUrl": "https://i.imgur.com/sdE62e2.png"
    },
    "team2": {
      "teamId": 98,
      "teamName": "FC St. Pauli",
      "shortName": "St. Pauli",
      "teamIconUrl": "https://upload.wikimedia.org/wikipedia/de/b/b3/Fc_st_pauli_logo.svg"
    },
    "matchResults": [],
    "HomeTeamScore": 0,
    "AwayTeamScore": 0,
    "HasVerlaengerung": false,
    "ResultType": null,
    "HasStarted": false
  },
  {
    "matchID": 72238,
    "group": {
      "groupOrderID": 3,
      "groupName": "3. Spieltag"
    },
    "MatchNr": 0,
    "leagueShortcut": "bl1",
    "matchDateTime": "2024-09-15T17:30:00",
    "matchDateTimeUTC": "2024-09-15T15:30:00Z",
    "matchIsFinished": false,
    "team1": {
      "teamId": 81,
      "teamName": "1. FSV Mainz 05",
      "shortName": "Mainz",
      "teamIconUrl": "https://upload.wikimedia.org/wikipedia/commons/thumb/9/9e/Logo_Mainz_05.svg/1200px-Logo_Mainz_05.svg.png"
    },
    "team2": {
      "teamId": 134,
      "teamName": "Werder Bremen",
      "shortName": "Bremen",
      "teamIconUrl": "https://upload.wikimedia.org/wikipedia/commons/thumb/b/be/SV-Werder-Bremen-Logo.svg/681px-SV-Werder-Bremen-Logo.svg.png"
    },
    "matchResults": [],
    "HomeTeamScore": 0,
    "AwayTeamScore": 0,
    "HasVerlaengerung": false,
    "ResultType": null,
    "HasStarted": false
  }
]
